ERROR - 2026-07-09 07:10:41 --> Error connecting to the database: mysqli_sql_exception: No connection could be made because the target machine actively refused it in C:\xampp\htdocs\proyeksijayam\proyek-kelompok-sijayam\Sijayam\vendor\codeigniter4\framework\system\Database\MySQLi\Connection.php:201
Stack trace:
#0 C:\xampp\htdocs\proyeksijayam\proyek-kelompok-sijayam\Sijayam\vendor\codeigniter4\framework\system\Database\MySQLi\Connection.php(201): mysqli->real_connect('localhost', '', Object(SensitiveParameterValue), '', 3306, '', 0)
#1 C:\xampp\htdocs\proyeksijayam\proyek-kelompok-sijayam\Sijayam\vendor\codeigniter4\framework\system\Database\BaseConnection.php(555): CodeIgniter\Database\MySQLi\Connection->connect(false)
#2 C:\xampp\htdocs\proyeksijayam\proyek-kelompok-sijayam\Sijayam\vendor\codeigniter4\framework\system\Database\BaseConnection.php(795): CodeIgniter\Database\BaseConnection->initialize()
#3 C:\xampp\htdocs\proyeksijayam\proyek-kelompok-sijayam\Sijayam\vendor\codeigniter4\framework\system\Database\BaseBuilder.php(1647): CodeIgniter\Database\BaseConnection->query('SELECT `menu_it...', Array, false)
#4 C:\xampp\htdocs\proyeksijayam\proyek-kelompok-sijayam\Sijayam\vendor\codeigniter4\framework\system\Model.php(255): CodeIgniter\Database\BaseBuilder->get()
#5 C:\xampp\htdocs\proyeksijayam\proyek-kelompok-sijayam\Sijayam\vendor\codeigniter4\framework\system\BaseModel.php(676): CodeIgniter\Model->doFindAll(0, 0)
#6 C:\xampp\htdocs\proyeksijayam\proyek-kelompok-sijayam\Sijayam\app\Models\MenuItemModel.php(14): CodeIgniter\BaseModel->findAll()
#7 C:\xampp\htdocs\proyeksijayam\proyek-kelompok-sijayam\Sijayam\app\Controllers\Home.php(8): App\Models\MenuItemModel->getMenuWithCategory()
#8 C:\xampp\htdocs\proyeksijayam\proyek-kelompok-sijayam\Sijayam\vendor\codeigniter4\framework\system\CodeIgniter.php(974): App\Controllers\Home->index()
#9 C:\xampp\htdocs\proyeksijayam\proyek-kelompok-sijayam\Sijayam\vendor\codeigniter4\framework\system\CodeIgniter.php(520): CodeIgniter\CodeIgniter->runController(Object(App\Controllers\Home))
#10 C:\xampp\htdocs\proyeksijayam\proyek-kelompok-sijayam\Sijayam\vendor\codeigniter4\framework\system\CodeIgniter.php(363): CodeIgniter\CodeIgniter->handleRequest(NULL, Object(Config\Cache), false)
#11 C:\xampp\htdocs\proyeksijayam\proyek-kelompok-sijayam\Sijayam\vendor\codeigniter4\framework\system\Boot.php(417): CodeIgniter\CodeIgniter->run()
#12 C:\xampp\htdocs\proyeksijayam\proyek-kelompok-sijayam\Sijayam\vendor\codeigniter4\framework\system\Boot.php(68): CodeIgniter\Boot::runCodeIgniter(Object(CodeIgniter\CodeIgniter))
#13 C:\xampp\htdocs\proyeksijayam\proyek-kelompok-sijayam\Sijayam\public\index.php(59): CodeIgniter\Boot::bootWeb(Object(Config\Paths))
#14 C:\xampp\htdocs\proyeksijayam\proyek-kelompok-sijayam\Sijayam\vendor\codeigniter4\framework\system\rewrite.php(44): require_once('C:\\xampp\\htdocs...')
#15 {main}

Next CodeIgniter\Database\Exceptions\DatabaseException: No connection could be made because the target machine actively refused it in C:\xampp\htdocs\proyeksijayam\proyek-kelompok-sijayam\Sijayam\vendor\codeigniter4\framework\system\Database\MySQLi\Connection.php:231
Stack trace:
#0 C:\xampp\htdocs\proyeksijayam\proyek-kelompok-sijayam\Sijayam\vendor\codeigniter4\framework\system\Database\BaseConnection.php(555): CodeIgniter\Database\MySQLi\Connection->connect(false)
#1 C:\xampp\htdocs\proyeksijayam\proyek-kelompok-sijayam\Sijayam\vendor\codeigniter4\framework\system\Database\BaseConnection.php(795): CodeIgniter\Database\BaseConnection->initialize()
#2 C:\xampp\htdocs\proyeksijayam\proyek-kelompok-sijayam\Sijayam\vendor\codeigniter4\framework\system\Database\BaseBuilder.php(1647): CodeIgniter\Database\BaseConnection->query('SELECT `menu_it...', Array, false)
#3 C:\xampp\htdocs\proyeksijayam\proyek-kelompok-sijayam\Sijayam\vendor\codeigniter4\framework\system\Model.php(255): CodeIgniter\Database\BaseBuilder->get()
#4 C:\xampp\htdocs\proyeksijayam\proyek-kelompok-sijayam\Sijayam\vendor\codeigniter4\framework\system\BaseModel.php(676): CodeIgniter\Model->doFindAll(0, 0)
#5 C:\xampp\htdocs\proyeksijayam\proyek-kelompok-sijayam\Sijayam\app\Models\MenuItemModel.php(14): CodeIgniter\BaseModel->findAll()
#6 C:\xampp\htdocs\proyeksijayam\proyek-kelompok-sijayam\Sijayam\app\Controllers\Home.php(8): App\Models\MenuItemModel->getMenuWithCategory()
#7 C:\xampp\htdocs\proyeksijayam\proyek-kelompok-sijayam\Sijayam\vendor\codeigniter4\framework\system\CodeIgniter.php(974): App\Controllers\Home->index()
#8 C:\xampp\htdocs\proyeksijayam\proyek-kelompok-sijayam\Sijayam\vendor\codeigniter4\framework\system\CodeIgniter.php(520): CodeIgniter\CodeIgniter->runController(Object(App\Controllers\Home))
#9 C:\xampp\htdocs\proyeksijayam\proyek-kelompok-sijayam\Sijayam\vendor\codeigniter4\framework\system\CodeIgniter.php(363): CodeIgniter\CodeIgniter->handleRequest(NULL, Object(Config\Cache), false)
#10 C:\xampp\htdocs\proyeksijayam\proyek-kelompok-sijayam\Sijayam\vendor\codeigniter4\framework\system\Boot.php(417): CodeIgniter\CodeIgniter->run()
#11 C:\xampp\htdocs\proyeksijayam\proyek-kelompok-sijayam\Sijayam\vendor\codeigniter4\framework\system\Boot.php(68): CodeIgniter\Boot::runCodeIgniter(Object(CodeIgniter\CodeIgniter))
#12 C:\xampp\htdocs\proyeksijayam\proyek-kelompok-sijayam\Sijayam\public\index.php(59): CodeIgniter\Boot::bootWeb(Object(Config\Paths))
#13 C:\xampp\htdocs\proyeksijayam\proyek-kelompok-sijayam\Sijayam\vendor\codeigniter4\framework\system\rewrite.php(44): require_once('C:\\xampp\\htdocs...')
#14 {main}
CRITICAL - 2026-07-09 07:10:41 --> CodeIgniter\Database\Exceptions\DatabaseException: Unable to connect to the database.
Main connection [MySQLi]: No connection could be made because the target machine actively refused it
[Method: GET, Route: /]
in SYSTEMPATH\Database\BaseConnection.php on line 606.
 1 SYSTEMPATH\Database\BaseConnection.php(795): CodeIgniter\Database\BaseConnection->initialize()
 2 SYSTEMPATH\Database\BaseBuilder.php(1647): CodeIgniter\Database\BaseConnection->query('SELECT `menu_items`.*, `categories`.`nama` as `nama_kategori`
FROM `menu_items`
JOIN `categories` ON `categories`.`id` = `menu_items`.`category_id`', [], false)
 3 SYSTEMPATH\Model.php(255): CodeIgniter\Database\BaseBuilder->get()
 4 SYSTEMPATH\BaseModel.php(676): CodeIgniter\Model->doFindAll(0, 0)
 5 APPPATH\Models\MenuItemModel.php(14): CodeIgniter\BaseModel->findAll()
 6 APPPATH\Controllers\Home.php(8): App\Models\MenuItemModel->getMenuWithCategory()
 7 SYSTEMPATH\CodeIgniter.php(974): App\Controllers\Home->index()
 8 SYSTEMPATH\CodeIgniter.php(520): CodeIgniter\CodeIgniter->runController(Object(App\Controllers\Home))
 9 SYSTEMPATH\CodeIgniter.php(363): CodeIgniter\CodeIgniter->handleRequest(null, Object(Config\Cache), false)
10 SYSTEMPATH\Boot.php(417): CodeIgniter\CodeIgniter->run()
11 SYSTEMPATH\Boot.php(68): CodeIgniter\Boot::runCodeIgniter(Object(CodeIgniter\CodeIgniter))
12 FCPATH\index.php(59): CodeIgniter\Boot::bootWeb(Object(Config\Paths))
13 SYSTEMPATH\rewrite.php(44): require_once('C:\\xampp\\htdocs\\proyeksijayam\\proyek-kelompok-sijayam\\Sijayam\\public\\index.php')
ERROR - 2026-07-09 07:17:35 --> Table 'sijayam_db.menu_items' doesn't exist
in SYSTEMPATH\Database\MySQLi\Connection.php on line 300.
 1 SYSTEMPATH\Database\MySQLi\Connection.php(300): mysqli->query('SELECT `menu_items`.*, `categories`.`nama` as `nama_kategori`
FROM `menu_items`
JOIN `categories` ON `categories`.`id` = `menu_items`.`category_id`', 0)
 2 SYSTEMPATH\Database\BaseConnection.php(908): CodeIgniter\Database\MySQLi\Connection->execute('SELECT `menu_items`.*, `categories`.`nama` as `nama_kategori`
FROM `menu_items`
JOIN `categories` ON `categories`.`id` = `menu_items`.`category_id`')
 3 SYSTEMPATH\Database\BaseConnection.php(825): CodeIgniter\Database\BaseConnection->simpleQuery('SELECT `menu_items`.*, `categories`.`nama` as `nama_kategori`
FROM `menu_items`
JOIN `categories` ON `categories`.`id` = `menu_items`.`category_id`')
 4 SYSTEMPATH\Database\BaseBuilder.php(1647): CodeIgniter\Database\BaseConnection->query('SELECT `menu_items`.*, `categories`.`nama` as `nama_kategori`
FROM `menu_items`
JOIN `categories` ON `categories`.`id` = `menu_items`.`category_id`', [], false)
 5 SYSTEMPATH\Model.php(255): CodeIgniter\Database\BaseBuilder->get()
 6 SYSTEMPATH\BaseModel.php(676): CodeIgniter\Model->doFindAll(0, 0)
 7 APPPATH\Models\MenuItemModel.php(14): CodeIgniter\BaseModel->findAll()
 8 APPPATH\Controllers\Home.php(8): App\Models\MenuItemModel->getMenuWithCategory()
 9 SYSTEMPATH\CodeIgniter.php(974): App\Controllers\Home->index()
10 SYSTEMPATH\CodeIgniter.php(520): CodeIgniter\CodeIgniter->runController(Object(App\Controllers\Home))
11 SYSTEMPATH\CodeIgniter.php(363): CodeIgniter\CodeIgniter->handleRequest(null, Object(Config\Cache), false)
12 SYSTEMPATH\Boot.php(417): CodeIgniter\CodeIgniter->run()
13 SYSTEMPATH\Boot.php(68): CodeIgniter\Boot::runCodeIgniter(Object(CodeIgniter\CodeIgniter))
14 FCPATH\index.php(59): CodeIgniter\Boot::bootWeb(Object(Config\Paths))
15 SYSTEMPATH\rewrite.php(44): require_once('C:\\xampp\\htdocs\\proyeksijayam\\proyek-kelompok-sijayam\\Sijayam\\public\\index.php')
CRITICAL - 2026-07-09 07:17:35 --> CodeIgniter\Database\Exceptions\DatabaseException: Table 'sijayam_db.menu_items' doesn't exist
[Method: GET, Route: /]
in SYSTEMPATH\Database\BaseConnection.php on line 863.
 1 SYSTEMPATH\Database\BaseBuilder.php(1647): CodeIgniter\Database\BaseConnection->query('SELECT `menu_items`.*, `categories`.`nama` as `nama_kategori`
FROM `menu_items`
JOIN `categories` ON `categories`.`id` = `menu_items`.`category_id`', [], false)
 2 SYSTEMPATH\Model.php(255): CodeIgniter\Database\BaseBuilder->get()
 3 SYSTEMPATH\BaseModel.php(676): CodeIgniter\Model->doFindAll(0, 0)
 4 APPPATH\Models\MenuItemModel.php(14): CodeIgniter\BaseModel->findAll()
 5 APPPATH\Controllers\Home.php(8): App\Models\MenuItemModel->getMenuWithCategory()
 6 SYSTEMPATH\CodeIgniter.php(974): App\Controllers\Home->index()
 7 SYSTEMPATH\CodeIgniter.php(520): CodeIgniter\CodeIgniter->runController(Object(App\Controllers\Home))
 8 SYSTEMPATH\CodeIgniter.php(363): CodeIgniter\CodeIgniter->handleRequest(null, Object(Config\Cache), false)
 9 SYSTEMPATH\Boot.php(417): CodeIgniter\CodeIgniter->run()
10 SYSTEMPATH\Boot.php(68): CodeIgniter\Boot::runCodeIgniter(Object(CodeIgniter\CodeIgniter))
11 FCPATH\index.php(59): CodeIgniter\Boot::bootWeb(Object(Config\Paths))
12 SYSTEMPATH\rewrite.php(44): require_once('C:\\xampp\\htdocs\\proyeksijayam\\proyek-kelompok-sijayam\\Sijayam\\public\\index.php')
CRITICAL - 2026-07-09 07:17:35 --> [Caused by] CodeIgniter\Database\Exceptions\DatabaseException: Table 'sijayam_db.menu_items' doesn't exist
in SYSTEMPATH\Database\MySQLi\Connection.php on line 310.
 1 SYSTEMPATH\Database\BaseConnection.php(908): CodeIgniter\Database\MySQLi\Connection->execute('SELECT `menu_items`.*, `categories`.`nama` as `nama_kategori`
FROM `menu_items`
JOIN `categories` ON `categories`.`id` = `menu_items`.`category_id`')
 2 SYSTEMPATH\Database\BaseConnection.php(825): CodeIgniter\Database\BaseConnection->simpleQuery('SELECT `menu_items`.*, `categories`.`nama` as `nama_kategori`
FROM `menu_items`
JOIN `categories` ON `categories`.`id` = `menu_items`.`category_id`')
 3 SYSTEMPATH\Database\BaseBuilder.php(1647): CodeIgniter\Database\BaseConnection->query('SELECT `menu_items`.*, `categories`.`nama` as `nama_kategori`
FROM `menu_items`
JOIN `categories` ON `categories`.`id` = `menu_items`.`category_id`', [], false)
 4 SYSTEMPATH\Model.php(255): CodeIgniter\Database\BaseBuilder->get()
 5 SYSTEMPATH\BaseModel.php(676): CodeIgniter\Model->doFindAll(0, 0)
 6 APPPATH\Models\MenuItemModel.php(14): CodeIgniter\BaseModel->findAll()
 7 APPPATH\Controllers\Home.php(8): App\Models\MenuItemModel->getMenuWithCategory()
 8 SYSTEMPATH\CodeIgniter.php(974): App\Controllers\Home->index()
 9 SYSTEMPATH\CodeIgniter.php(520): CodeIgniter\CodeIgniter->runController(Object(App\Controllers\Home))
10 SYSTEMPATH\CodeIgniter.php(363): CodeIgniter\CodeIgniter->handleRequest(null, Object(Config\Cache), false)
11 SYSTEMPATH\Boot.php(417): CodeIgniter\CodeIgniter->run()
12 SYSTEMPATH\Boot.php(68): CodeIgniter\Boot::runCodeIgniter(Object(CodeIgniter\CodeIgniter))
13 FCPATH\index.php(59): CodeIgniter\Boot::bootWeb(Object(Config\Paths))
14 SYSTEMPATH\rewrite.php(44): require_once('C:\\xampp\\htdocs\\proyeksijayam\\proyek-kelompok-sijayam\\Sijayam\\public\\index.php')
CRITICAL - 2026-07-09 07:17:35 --> [Caused by] mysqli_sql_exception: Table 'sijayam_db.menu_items' doesn't exist
in SYSTEMPATH\Database\MySQLi\Connection.php on line 300.
 1 SYSTEMPATH\Database\MySQLi\Connection.php(300): mysqli->query('SELECT `menu_items`.*, `categories`.`nama` as `nama_kategori`
FROM `menu_items`
JOIN `categories` ON `categories`.`id` = `menu_items`.`category_id`', 0)
 2 SYSTEMPATH\Database\BaseConnection.php(908): CodeIgniter\Database\MySQLi\Connection->execute('SELECT `menu_items`.*, `categories`.`nama` as `nama_kategori`
FROM `menu_items`
JOIN `categories` ON `categories`.`id` = `menu_items`.`category_id`')
 3 SYSTEMPATH\Database\BaseConnection.php(825): CodeIgniter\Database\BaseConnection->simpleQuery('SELECT `menu_items`.*, `categories`.`nama` as `nama_kategori`
FROM `menu_items`
JOIN `categories` ON `categories`.`id` = `menu_items`.`category_id`')
 4 SYSTEMPATH\Database\BaseBuilder.php(1647): CodeIgniter\Database\BaseConnection->query('SELECT `menu_items`.*, `categories`.`nama` as `nama_kategori`
FROM `menu_items`
JOIN `categories` ON `categories`.`id` = `menu_items`.`category_id`', [], false)
 5 SYSTEMPATH\Model.php(255): CodeIgniter\Database\BaseBuilder->get()
 6 SYSTEMPATH\BaseModel.php(676): CodeIgniter\Model->doFindAll(0, 0)
 7 APPPATH\Models\MenuItemModel.php(14): CodeIgniter\BaseModel->findAll()
 8 APPPATH\Controllers\Home.php(8): App\Models\MenuItemModel->getMenuWithCategory()
 9 SYSTEMPATH\CodeIgniter.php(974): App\Controllers\Home->index()
10 SYSTEMPATH\CodeIgniter.php(520): CodeIgniter\CodeIgniter->runController(Object(App\Controllers\Home))
11 SYSTEMPATH\CodeIgniter.php(363): CodeIgniter\CodeIgniter->handleRequest(null, Object(Config\Cache), false)
12 SYSTEMPATH\Boot.php(417): CodeIgniter\CodeIgniter->run()
13 SYSTEMPATH\Boot.php(68): CodeIgniter\Boot::runCodeIgniter(Object(CodeIgniter\CodeIgniter))
14 FCPATH\index.php(59): CodeIgniter\Boot::bootWeb(Object(Config\Paths))
15 SYSTEMPATH\rewrite.php(44): require_once('C:\\xampp\\htdocs\\proyeksijayam\\proyek-kelompok-sijayam\\Sijayam\\public\\index.php')
